C51 COMPILER V9.57.0.0   HELLO                                                             01/16/2022 22:06:19 PAGE 1   


C51 COMPILER V9.57.0.0, COMPILATION OF MODULE HELLO
OBJECT MODULE PLACED IN hello.OBJ
COMPILER INVOKED BY: H:\Keil_v5\C51\BIN\C51.EXE hello.c BROWSE DEBUG OBJECTEXTEND

line level    source

   1          #include<reg52.h>
   2          #define uint unsigned int
   3          
   4          sbit N1=P2^3;
   5          sbit N2=P2^4;
   6          sbit N3=P2^5;
   7          sbit N4=P2^6;
   8          uint xms,i,j,m,n;
   9          
  10          void main()
  11          {
  12   1              void delay(uint xms);
  13   1              
  14   1              P0=0x2c;                        //数码管显示H
  15   1              N4=0;                           //第四个数码管
  16   1              delay(1000);    
  17   1              N4=1;                           //转移至第三个数码管
  18   1              N3=0;
  19   1              delay(1000);
  20   1              N3=1;                           //转移至第二个数码管
  21   1              N2=0;
  22   1              delay(1000);
  23   1              N2=1;                           //转移至第一个数码管
  24   1              N1=0;
  25   1              delay(1000);
  26   1              
  27   1              for(m=500;m>0;m--)      //第一个数码管显示H最后一个显示E
  28   1                      {
  29   2                              N1=0;
  30   2                              P0=0x2c;                //第一个数码管显示H
  31   2                              delay(1);
  32   2                              N1=1;                   //关闭第一个数码管
  33   2                              N4=0;                   //打开第四个数码管
  34   2                              P0=0x86;                //第四个数码管显示E
  35   2                              delay(1);
  36   2                              N4=1;                   //关闭第四个数码管
  37   2                      }
  38   1              
  39   1              for(m=500;m>0;m--)      //第一个数码管显示H第三个显示E
  40   1                      {
  41   2                              N1=0;
  42   2                              P0=0x2c;
  43   2                              delay(1);
  44   2                              N1=1;
  45   2                              N3=0;
  46   2                              P0=0x86;
  47   2                              delay(1);
  48   2                              N3=1;
  49   2                      }
  50   1                      
  51   1              for(m=500;m>0;m--)      //第一个数码管显示H第二个显示E
  52   1                      {
  53   2                              N1=0;                           //此时HE完成
  54   2                              P0=0x2c;
  55   2                              delay(1);
C51 COMPILER V9.57.0.0   HELLO                                                             01/16/2022 22:06:19 PAGE 2   

  56   2                              N1=1;
  57   2                              N2=0;
  58   2                              P0=0x86;
  59   2                              delay(1);
  60   2                              N2=1;
  61   2                      }
  62   1                      
  63   1              for(m=350;m>0;m--)      //第一、二个数码管显示HE第四个右边显示l
  64   1                      {
  65   2                              N1=0;
  66   2                              P0=0x2c;
  67   2                              delay(1);
  68   2                              N1=1;
  69   2                              N2=0;
  70   2                              P0=0x86;
  71   2                              delay(1);
  72   2                              N2=1;
  73   2                              N4=0;
  74   2                              P0=0x7d;
  75   2                              delay(1);
  76   2                              N4=1;
  77   2                      }
  78   1              for(m=350;m>0;m--)      //第一、二个数码管显示HE第四个左边显示l
  79   1                      {
  80   2                              N1=0;
  81   2                              P0=0x2c;
  82   2                              delay(1);
  83   2                              N1=1;
  84   2                              N2=0;
  85   2                              P0=0x86;
  86   2                              delay(1);
  87   2                              N2=1;
  88   2                              N4=0;
  89   2                              P0=0xaf;
  90   2                              delay(1);
  91   2                              N4=1;
  92   2                      }
  93   1              for(m=350;m>0;m--)      //第一、二个数码管显示HE第三个右边显示l
  94   1                      {
  95   2                              N1=0;
  96   2                              P0=0x2c;
  97   2                              delay(1);
  98   2                              N1=1;
  99   2                              N2=0;
 100   2                              P0=0x86;
 101   2                              delay(1);
 102   2                              N2=1;
 103   2                              N3=0;
 104   2                              P0=0x7d;
 105   2                              delay(1);
 106   2                              N3=1;
 107   2                      }
 108   1              for(m=350;m>0;m--)      //第一、二个数码管显示HE第三个左边显示l
 109   1                      {
 110   2                              N1=0;
 111   2                              P0=0x2c;
 112   2                              delay(1);
 113   2                              N1=1;
 114   2                              N2=0;
 115   2                              P0=0x86;
 116   2                              delay(1);
 117   2                              N2=1;
C51 COMPILER V9.57.0.0   HELLO                                                             01/16/2022 22:06:19 PAGE 3   

 118   2                              N3=0;
 119   2                              P0=0xaf;
 120   2                              delay(1);
 121   2                              N3=1;
 122   2                      }
 123   1              for(m=300;m>0;m--)      //第一二三个数码管显示HEl第四个右边显示l
 124   1                      {
 125   2                              N1=0;
 126   2                              P0=0x2c;
 127   2                              delay(1);
 128   2                              N1=1;
 129   2                              N2=0;
 130   2                              P0=0x86;
 131   2                              delay(1);
 132   2                              N2=1;
 133   2                              N3=0;
 134   2                              P0=0xaf;
 135   2                              delay(1);
 136   2                              N3=1;
 137   2                              N4=0;
 138   2                              P0=0x7d;
 139   2                              delay(1);
 140   2                              N4=1;
 141   2                      }
 142   1              for(m=250;m>0;m--)      //第一二三个数码管显示HEl第四个左边显示l
 143   1                      {
 144   2                              N1=0;
 145   2                              P0=0x2c;
 146   2                              delay(1);
 147   2                              N1=1;
 148   2                              N2=0;
 149   2                              P0=0x86;
 150   2                              delay(1);
 151   2                              N2=1;
 152   2                              N3=0;
 153   2                              P0=0xaf;
 154   2                              delay(1);
 155   2                              N3=1;
 156   2                              N4=0;
 157   2                              P0=0xaf;
 158   2                              delay(1);
 159   2                              N4=1;
 160   2                      }
 161   1              for(m=250;m>0;m--)      //第一二三个数码管显示HEll第四个不显示
 162   1                      {
 163   2                              N1=0;
 164   2                              P0=0x2c;
 165   2                              delay(1);
 166   2                              N1=1;
 167   2                              N2=0;
 168   2                              P0=0x86;
 169   2                              delay(1);
 170   2                              N2=1;
 171   2                              N3=0;
 172   2                              P0=0x2d;
 173   2                              delay(1);
 174   2                              N3=1;
 175   2                      }
 176   1              while(1)
 177   1              {
 178   2                      P2=0xf7;    //h
 179   2                      P0=0x2c;
C51 COMPILER V9.57.0.0   HELLO                                                             01/16/2022 22:06:19 PAGE 4   

 180   2                      delay(1);
 181   2                      P2=0xef;    //e
 182   2                      P0=0x86;
 183   2                      delay(1);
 184   2                      P2=0xdf;                //ll
 185   2                      P0=0x2d;
 186   2                      delay(1);
 187   2                      P2=0xbf;                //o
 188   2                      P0=0x05;
 189   2                      delay(1);       
 190   2              }
 191   1      }
 192          
 193          void delay(uint xms)
 194          {
 195   1              for(;xms>0;xms--)
 196   1              for(j=110;j>0;j--);
 197   1      }


MODULE INFORMATION:   STATIC OVERLAYABLE
   CODE SIZE        =    606    ----
   CONSTANT SIZE    =   ----    ----
   XDATA SIZE       =   ----    ----
   PDATA SIZE       =   ----    ----
   DATA SIZE        =     10    ----
   IDATA SIZE       =   ----    ----
   BIT SIZE         =   ----    ----
END OF MODULE INFORMATION.


C51 COMPILATION COMPLETE.  0 WARNING(S),  0 ERROR(S)
